Ôû▓ Next.js 16.1.6 (Turbopack)
- Environments: .env.local

  Creating an optimized production build ...
node.exe : 
In Zeile:1 Zeichen:1
+ & "C:\Program Files
\nodejs/node.exe" 
"C:\Program 
Files\nodejs/node_mo 
...
+ ~~~~~~~~~~~~~~~~~~~
~~~~~~~~~~~~~~~~~~~~~
~~~~~~~~~~~~~~~~~~~~~
~~~~~~~~
    + CategoryInfo   
           : 
NotSpecified:     
(:String) [], Remote 
   Exception
    + 
FullyQualifiedErro   
 rId : 
NativeCommandE    
rror
 
> Build error 
occurred
Error: Turbopack 
build failed with 1 
errors:
./app/chat/page.tsx:5
:1
Module not found: 
Can't resolve 
'ai/react'
[0m [90m 3 |[39m 
[36mimport[39m [33
mReact[39m[33m,[39
m { 
useState[33m,[39m 
useRef[33m,[39m 
useEffect[33m,[39m 
useCallback } 
[36mfrom[39m [32m"
react"[39m[33m;[39
m
 [90m 4 |[39m 
[36mimport[39m { 
useSearchParams } 
[36mfrom[39m [32m"
next/navigation"[39m
[33m;[39m
[31m[1m>[22m[39m
[90m 5 |[39m 
[36mimport[39m { 
useChat } 
[36mfrom[39m [32m"
ai/react"[39m[33m;
[39m
 [90m   |[39m [31m
[1m^[22m[39m[31m
[1m^[22m[39m[31m[
1m^[22m[39m[31m[1
m^[22m[39m[31m[1m
^[22m[39m[31m[1m^
[22m[39m[31m[1m^
[22m[39m[31m[1m^[
22m[39m[31m[1m^[2
2m[39m[31m[1m^[22
m[39m[31m[1m^[22m
[39m[31m[1m^[22m
[39m[31m[1m^[22m[
39m[31m[1m^[22m[3
9m[31m[1m^[22m[39
m[31m[1m^[22m[39m
[31m[1m^[22m[39m
[31m[1m^[22m[39m[
31m[1m^[22m[39m[3
1m[1m^[22m[39m[31
m[1m^[22m[39m[31m
[1m^[22m[39m[31m
[1m^[22m[39m[31m[
1m^[22m[39m[31m[1
m^[22m[39m[31m[1m
^[22m[39m[31m[1m^
[22m[39m[31m[1m^
[22m[39m[31m[1m^[
22m[39m[31m[1m^[2
2m[39m[31m[1m^[22
m[39m[31m[1m^[22m
[39m[31m[1m^[22m
[39m[31m[1m^[22m[
39m[31m[1m^[22m[3
9m
 [90m 6 |[39m 
[36mimport[39m { [
33mSend[39m[33m,[3
9m [33mArrowLeft[39
m[33m,[39m [33mRot
ateCcw[39m[33m,[39
m [33mDownload[39m 
} [36mfrom[39m [32
m"lucide-react"[39m
[33m;[39m
 [90m 7 |[39m 
[36mimport[39m [33
mPromptPanel[39m 
[36mfrom[39m [32m"
../components/PromptP
anel"[39m[33m;[39m
 [90m 8 |[39m 
[36mimport[39m [33
mChatMessage[39m 
[36mfrom[39m [32m"
../components/ChatMes
sage"[39m[33m;[39m
[0m



Import traces:
  Client Component 
Browser:
    
./app/chat/page.tsx 
[Client Component 
Browser]
    
./app/chat/page.tsx 
[Server Component]

  Client Component 
SSR:
    
./app/chat/page.tsx 
[Client Component 
SSR]
    
./app/chat/page.tsx 
[Server Component]

https://nextjs.org/do
cs/messages/module-no
t-found


    at <unknown> (./a
pp/chat/page.tsx:5:1)
    at <unknown> (htt
ps://nextjs.org/docs/
messages/module-not-f
ound)
