app/api/chat/route.ts(85,19): error TS2551: Property 'toDataStreamResponse' does not exist on type 'StreamTextResult<ToolSet, Output<string, string, never>>'. Did you mean 'toTextStreamResponse'?
app/chat/page.tsx(44,23): error TS2339: Property 'input' does not exist on type 'UseChatHelpers<UIMessage<unknown, UIDataTypes, UITools>>'.
app/chat/page.tsx(44,30): error TS2339: Property 'handleInputChange' does not exist on type 'UseChatHelpers<UIMessage<unknown, UIDataTypes, UITools>>'.
app/chat/page.tsx(44,49): error TS2339: Property 'handleSubmit' does not exist on type 'UseChatHelpers<UIMessage<unknown, UIDataTypes, UITools>>'.
app/chat/page.tsx(44,63): error TS2339: Property 'isLoading' does not exist on type 'UseChatHelpers<UIMessage<unknown, UIDataTypes, UITools>>'.
app/chat/page.tsx(44,74): error TS2339: Property 'setInput' does not exist on type 'UseChatHelpers<UIMessage<unknown, UIDataTypes, UITools>>'.
app/chat/page.tsx(46,13): error TS2353: Object literal may only specify known properties, and 'api' does not exist in type 'UseChatOptions<UIMessage<unknown, UIDataTypes, UITools>>'.
app/chat/page.tsx(112,46): error TS2345: Argument of type 'UIMessage<unknown, UIDataTypes, UITools>[]' is not assignable to parameter of type '{ role: string; content: string; }[]'.
  Property 'content' is missing in type 'UIMessage<unknown, UIDataTypes, UITools>' but required in type '{ role: string; content: string; }'.
app/chat/page.tsx(113,50): error TS2345: Argument of type 'UIMessage<unknown, UIDataTypes, UITools>[]' is not assignable to parameter of type '{ role: string; content: string; }[]'.
  Property 'content' is missing in type 'UIMessage<unknown, UIDataTypes, UITools>' but required in type '{ role: string; content: string; }'.
app/chat/page.tsx(128,55): error TS2339: Property 'content' does not exist on type 'UIMessage<unknown, UIDataTypes, UITools>'.
app/chat/page.tsx(186,42): error TS2339: Property 'content' does not exist on type 'UIMessage<unknown, UIDataTypes, UITools>'.
